// Jest Snapshot v1, https://goo.gl/fbAQLP

exports[`<Main /> Shoudl render the heading 1`] = `
<main>
  <h1>
    react avançado
  </h1>
</main>
`;

exports[`<Main /> Should render the heading 1`] = `
<main
  class="styles__Wrapper-sc-cwsudp-0 kMNBto"
>
  <img
    alt="Image of an atom and advanced react written on the side"
    class="styles__Logo-sc-cwsudp-1 cxQaWj"
    src="/img/logo.svg"
  />
  <h1
    class="styles__Title-sc-cwsudp-2 ebtuqh"
  >
    React avançado
  </h1>
  <h2
    class="styles__Description-sc-cwsudp-3 fpeNLC"
  >
    TypeScript, ReactJS, NextJS e Styled Components
  </h2>
  <img
    alt="Developer facing a monitor that contain code"
    class="styles__Illustration-sc-cwsudp-4 UAZAP"
    src="/img/hero-illustration.svg"
  />
</main>
`;
